project alpha
  description: Alpha is a fixture project with four targets, one of them undescribed.
  target build (phony=no, prereqs=-): Compile the binary
  target clean (phony=no, prereqs=-): Remove build output
  target install (phony=no, prereqs=-): 
  target test (phony=no, prereqs=-): Run the test suite
project beta
  description: Beta is a fixture project whose Makefile declares a .PHONY special target.
  target fmt (phony=yes, prereqs=-): Format the source
  target lint (phony=yes, prereqs=-): Run the linter
project beta/nested
  description: Beta Nested is a fixture project one level below another project.
  target docs (phony=no, prereqs=-): Generate the documentation
